// Jest Snapshot v1, https://goo.gl/fbAQLP

exports[`should render ExpenseList with expenses 1`] = `
<div>
  404!
  <br />
  <br />
  <Link
    replace={false}
    to="/"
  >
    Go Home
  </Link>
</div>
`;
